Archive member included to satisfy reference by file (symbol)

c:/st/stm32cubeide_1.3.0/stm32cubeide/plugins/com.st.stm32cube.ide.mcu.externaltools.gnu-tools-for-stm32.7-2018-q2-update.win32_1.0.0.201904181610/tools/bin/../lib/gcc/arm-none-eabi/7.3.1/../../../../arm-none-eabi/lib/thumb/v7e-m/fpv4-sp/hard\libc_nano.a(lib_a-errno.o)
                              Core/Src/syscalls.o (__errno)
c:/st/stm32cubeide_1.3.0/stm32cubeide/plugins/com.st.stm32cube.ide.mcu.externaltools.gnu-tools-for-stm32.7-2018-q2-update.win32_1.0.0.201904181610/tools/bin/../lib/gcc/arm-none-eabi/7.3.1/../../../../arm-none-eabi/lib/thumb/v7e-m/fpv4-sp/hard\libc_nano.a(lib_a-exit.o)
                              c:/st/stm32cubeide_1.3.0/stm32cubeide/plugins/com.st.stm32cube.ide.mcu.externaltools.gnu-tools-for-stm32.7-2018-q2-update.win32_1.0.0.201904181610/tools/bin/../lib/gcc/arm-none-eabi/7.3.1/../../../../arm-none-eabi/lib/thumb/v7e-m/fpv4-sp/hard/crt0.o (exit)
c:/st/stm32cubeide_1.3.0/stm32cubeide/plugins/com.st.stm32cube.ide.mcu.externaltools.gnu-tools-for-stm32.7-2018-q2-update.win32_1.0.0.201904181610/tools/bin/../lib/gcc/arm-none-eabi/7.3.1/../../../../arm-none-eabi/lib/thumb/v7e-m/fpv4-sp/hard\libc_nano.a(lib_a-impure.o)
                              c:/st/stm32cubeide_1.3.0/stm32cubeide/plugins/com.st.stm32cube.ide.mcu.externaltools.gnu-tools-for-stm32.7-2018-q2-update.win32_1.0.0.201904181610/tools/bin/../lib/gcc/arm-none-eabi/7.3.1/../../../../arm-none-eabi/lib/thumb/v7e-m/fpv4-sp/hard\libc_nano.a(lib_a-exit.o) (_global_impure_ptr)
c:/st/stm32cubeide_1.3.0/stm32cubeide/plugins/com.st.stm32cube.ide.mcu.externaltools.gnu-tools-for-stm32.7-2018-q2-update.win32_1.0.0.201904181610/tools/bin/../lib/gcc/arm-none-eabi/7.3.1/../../../../arm-none-eabi/lib/thumb/v7e-m/fpv4-sp/hard\libc_nano.a(lib_a-init.o)
                              c:/st/stm32cubeide_1.3.0/stm32cubeide/plugins/com.st.stm32cube.ide.mcu.externaltools.gnu-tools-for-stm32.7-2018-q2-update.win32_1.0.0.201904181610/tools/bin/../lib/gcc/arm-none-eabi/7.3.1/../../../../arm-none-eabi/lib/thumb/v7e-m/fpv4-sp/hard/crt0.o (__libc_init_array)
c:/st/stm32cubeide_1.3.0/stm32cubeide/plugins/com.st.stm32cube.ide.mcu.externaltools.gnu-tools-for-stm32.7-2018-q2-update.win32_1.0.0.201904181610/tools/bin/../lib/gcc/arm-none-eabi/7.3.1/../../../../arm-none-eabi/lib/thumb/v7e-m/fpv4-sp/hard\libc_nano.a(lib_a-memset.o)
                              c:/st/stm32cubeide_1.3.0/stm32cubeide/plugins/com.st.stm32cube.ide.mcu.externaltools.gnu-tools-for-stm32.7-2018-q2-update.win32_1.0.0.201904181610/tools/bin/../lib/gcc/arm-none-eabi/7.3.1/../../../../arm-none-eabi/lib/thumb/v7e-m/fpv4-sp/hard/crt0.o (memset)
c:/st/stm32cubeide_1.3.0/stm32cubeide/plugins/com.st.stm32cube.ide.mcu.externaltools.gnu-tools-for-stm32.7-2018-q2-update.win32_1.0.0.201904181610/tools/bin/../lib/gcc/arm-none-eabi/7.3.1/thumb/v7e-m/fpv4-sp/hard\libgcc.a(_aeabi_uldivmod.o)
                              Drivers/STM32F4xx_HAL_Driver/Src/stm32f4xx_hal_rcc.o (__aeabi_uldivmod)
c:/st/stm32cubeide_1.3.0/stm32cubeide/plugins/com.st.stm32cube.ide.mcu.externaltools.gnu-tools-for-stm32.7-2018-q2-update.win32_1.0.0.201904181610/tools/bin/../lib/gcc/arm-none-eabi/7.3.1/thumb/v7e-m/fpv4-sp/hard\libgcc.a(_udivmoddi4.o)
                              c:/st/stm32cubeide_1.3.0/stm32cubeide/plugins/com.st.stm32cube.ide.mcu.externaltools.gnu-tools-for-stm32.7-2018-q2-update.win32_1.0.0.201904181610/tools/bin/../lib/gcc/arm-none-eabi/7.3.1/thumb/v7e-m/fpv4-sp/hard\libgcc.a(_aeabi_uldivmod.o) (__udivmoddi4)
c:/st/stm32cubeide_1.3.0/stm32cubeide/plugins/com.st.stm32cube.ide.mcu.externaltools.gnu-tools-for-stm32.7-2018-q2-update.win32_1.0.0.201904181610/tools/bin/../lib/gcc/arm-none-eabi/7.3.1/thumb/v7e-m/fpv4-sp/hard\libgcc.a(_dvmd_tls.o)
                              c:/st/stm32cubeide_1.3.0/stm32cubeide/plugins/com.st.stm32cube.ide.mcu.externaltools.gnu-tools-for-stm32.7-2018-q2-update.win32_1.0.0.201904181610/tools/bin/../lib/gcc/arm-none-eabi/7.3.1/thumb/v7e-m/fpv4-sp/hard\libgcc.a(_aeabi_uldivmod.o) (__aeabi_ldiv0)

Allocating common symbols
Common symbol       size              file

uwTick              0x4               Drivers/STM32F4xx_HAL_Driver/Src/stm32f4xx_hal.o
pFlash              0x20              Drivers/STM32F4xx_HAL_Driver/Src/stm32f4xx_hal_flash.o
htim3               0x40              Core/Src/main.o
huart2              0x40              Core/Src/main.o

Discarded input sections

 .text          0x0000000000000000        0x0 c:/st/stm32cubeide_1.3.0/stm32cubeide/plugins/com.st.stm32cube.ide.mcu.externaltools.gnu-tools-for-stm32.7-2018-q2-update.win32_1.0.0.201904181610/tools/bin/../lib/gcc/arm-none-eabi/7.3.1/thumb/v7e-m/fpv4-sp/hard/crti.o
 .data          0x0000000000000000        0x0 c:/st/stm32cubeide_1.3.0/stm32cubeide/plugins/com.st.stm32cube.ide.mcu.externaltools.gnu-tools-for-stm32.7-2018-q2-update.win32_1.0.0.201904181610/tools/bin/../lib/gcc/arm-none-eabi/7.3.1/thumb/v7e-m/fpv4-sp/hard/crti.o
[...]
Memory Configuration

Name             Origin             Length             Attributes
CCMRAM           0x0000000010000000 0x0000000000010000 xrw
RAM              0x0000000020000000 0x0000000000020000 xrw
FLASH            0x0000000008000000 0x0000000000100000 xr
*default*        0x0000000000000000 0xffffffffffffffff

Linker script and memory map

LOAD c:/st/stm32cubeide_1.3.0/stm32cubeide/plugins/com.st.stm32cube.ide.mcu.externaltools.gnu-tools-for-stm32.7-2018-q2-update.win32_1.0.0.201904181610/tools/bin/../lib/gcc/arm-none-eabi/7.3.1/thumb/v7e-m/fpv4-sp/hard/crti.o
LOAD c:/st/stm32cubeide_1.3.0/stm32cubeide/plugins/com.st.stm32cube.ide.mcu.externaltools.gnu-tools-for-stm32.7-2018-q2-update.win32_1.0.0.201904181610/tools/bin/../lib/gcc/arm-none-eabi/7.3.1/thumb/v7e-m/fpv4-sp/hard/crtbegin.o
LOAD c:/st/stm32cubeide_1.3.0/stm32cubeide/plugins/com.st.stm32cube.ide.mcu.externaltools.gnu-tools-for-stm32.7-2018-q2-update.win32_1.0.0.201904181610/tools/bin/../lib/gcc/arm-none-eabi/7.3.1/../../../../arm-none-eabi/lib/thumb/v7e-m/fpv4-sp/hard/crt0.o
LOAD Core/Src/ESP8266.o
LOAD Core/Src/FOTA.o
LOAD Core/Src/main.o
LOAD Core/Src/stm32f4xx_hal_msp.o
LOAD Core/Src/stm32f4xx_it.o
LOAD Core/Src/syscalls.o
LOAD Core/Src/sysmem.o
LOAD Core/Src/system_stm32f4xx.o
LOAD Core/Startup/startup_stm32f407vgtx.o
LOAD Drivers/STM32F4xx_HAL_Driver/Src/stm32f4xx_hal.o
LOAD Drivers/STM32F4xx_HAL_Driver/Src/stm32f4xx_hal_cortex.o
LOAD Drivers/STM32F4xx_HAL_Driver/Src/stm32f4xx_hal_dma.o
LOAD Drivers/STM32F4xx_HAL_Driver/Src/stm32f4xx_hal_dma_ex.o
LOAD Drivers/STM32F4xx_HAL_Driver/Src/stm32f4xx_hal_exti.o
LOAD Drivers/STM32F4xx_HAL_Driver/Src/stm32f4xx_hal_flash.o
LOAD Drivers/STM32F4xx_HAL_Driver/Src/stm32f4xx_hal_flash_ex.o
LOAD Drivers/STM32F4xx_HAL_Driver/Src/stm32f4xx_hal_flash_ramfunc.o
LOAD Drivers/STM32F4xx_HAL_Driver/Src/stm32f4xx_hal_gpio.o
LOAD Drivers/STM32F4xx_HAL_Driver/Src/stm32f4xx_hal_pwr.o
LOAD Drivers/STM32F4xx_HAL_Driver/Src/stm32f4xx_hal_pwr_ex.o
LOAD Drivers/STM32F4xx_HAL_Driver/Src/stm32f4xx_hal_rcc.o
LOAD Drivers/STM32F4xx_HAL_Driver/Src/stm32f4xx_hal_rcc_ex.o
LOAD Drivers/STM32F4xx_HAL_Driver/Src/stm32f4xx_hal_tim.o
LOAD Drivers/STM32F4xx_HAL_Driver/Src/stm32f4xx_hal_tim_ex.o
LOAD Drivers/STM32F4xx_HAL_Driver/Src/stm32f4xx_hal_uart.o
START GROUP
LOAD c:/st/stm32cubeide_1.3.0/stm32cubeide/plugins/com.st.stm32cube.ide.mcu.externaltools.gnu-tools-for-stm32.7-2018-q2-update.win32_1.0.0.201904181610/tools/bin/../lib/gcc/arm-none-eabi/7.3.1/../../../../arm-none-eabi/lib/thumb/v7e-m/fpv4-sp/hard\libc_nano.a
LOAD c:/st/stm32cubeide_1.3.0/stm32cubeide/plugins/com.st.stm32cube.ide.mcu.externaltools.gnu-tools-for-stm32.7-2018-q2-update.win32_1.0.0.201904181610/tools/bin/../lib/gcc/arm-none-eabi/7.3.1/../../../../arm-none-eabi/lib/thumb/v7e-m/fpv4-sp/hard\libm.a
END GROUP
START GROUP
LOAD c:/st/stm32cubeide_1.3.0/stm32cubeide/plugins/com.st.stm32cube.ide.mcu.externaltools.gnu-tools-for-stm32.7-2018-q2-update.win32_1.0.0.201904181610/tools/bin/../lib/gcc/arm-none-eabi/7.3.1/thumb/v7e-m/fpv4-sp/hard\libgcc.a
LOAD c:/st/stm32cubeide_1.3.0/stm32cubeide/plugins/com.st.stm32cube.ide.mcu.externaltools.gnu-tools-for-stm32.7-2018-q2-update.win32_1.0.0.201904181610/tools/bin/../lib/gcc/arm-none-eabi/7.3.1/../../../../arm-none-eabi/lib/thumb/v7e-m/fpv4-sp/hard\libc_nano.a
END GROUP
START GROUP
LOAD c:/st/stm32cubeide_1.3.0/stm32cubeide/plugins/com.st.stm32cube.ide.mcu.externaltools.gnu-tools-for-stm32.7-2018-q2-update.win32_1.0.0.201904181610/tools/bin/../lib/gcc/arm-none-eabi/7.3.1/thumb/v7e-m/fpv4-sp/hard\libgcc.a
LOAD c:/st/stm32cubeide_1.3.0/stm32cubeide/plugins/com.st.stm32cube.ide.mcu.externaltools.gnu-tools-for-stm32.7-2018-q2-update.win32_1.0.0.201904181610/tools/bin/../lib/gcc/arm-none-eabi/7.3.1/../../../../arm-none-eabi/lib/thumb/v7e-m/fpv4-sp/hard\libc_nano.a
LOAD c:/st/stm32cubeide_1.3.0/stm32cubeide/plugins/com.st.stm32cube.ide.mcu.externaltools.gnu-tools-for-stm32.7-2018-q2-update.win32_1.0.0.201904181610/tools/bin/../lib/gcc/arm-none-eabi/7.3.1/../../../../arm-none-eabi/lib/thumb/v7e-m/fpv4-sp/hard\libnosys.a
END GROUP
START GROUP
LOAD c:/st/stm32cubeide_1.3.0/stm32cubeide/plugins/com.st.stm32cube.ide.mcu.externaltools.gnu-tools-for-stm32.7-2018-q2-update.win32_1.0.0.201904181610/tools/bin/../lib/gcc/arm-none-eabi/7.3.1/thumb/v7e-m/fpv4-sp/hard\libgcc.a
LOAD c:/st/stm32cubeide_1.3.0/stm32cubeide/plugins/com.st.stm32cube.ide.mcu.externaltools.gnu-tools-for-stm32.7-2018-q2-update.win32_1.0.0.201904181610/tools/bin/../lib/gcc/arm-none-eabi/7.3.1/../../../../arm-none-eabi/lib/thumb/v7e-m/fpv4-sp/hard\libc_nano.a
LOAD c:/st/stm32cubeide_1.3.0/stm32cubeide/plugins/com.st.stm32cube.ide.mcu.externaltools.gnu-tools-for-stm32.7-2018-q2-update.win32_1.0.0.201904181610/tools/bin/../lib/gcc/arm-none-eabi/7.3.1/../../../../arm-none-eabi/lib/thumb/v7e-m/fpv4-sp/hard\libnosys.a
END GROUP
LOAD c:/st/stm32cubeide_1.3.0/stm32cubeide/plugins/com.st.stm32cube.ide.mcu.externaltools.gnu-tools-for-stm32.7-2018-q2-update.win32_1.0.0.201904181610/tools/bin/../lib/gcc/arm-none-eabi/7.3.1/thumb/v7e-m/fpv4-sp/hard/crtend.o
LOAD c:/st/stm32cubeide_1.3.0/stm32cubeide/plugins/com.st.stm32cube.ide.mcu.externaltools.gnu-tools-for-stm32.7-2018-q2-update.win32_1.0.0.201904181610/tools/bin/../lib/gcc/arm-none-eabi/7.3.1/thumb/v7e-m/fpv4-sp/hard/crtn.o
                0x0000000020020000                _estack = (ORIGIN (RAM) + LENGTH (RAM))
                0x0000000000000200                _Min_Heap_Size = 0x200
                0x0000000000000400                _Min_Stack_Size = 0x400

.isr_vector     0x0000000008000000      0x188
                0x0000000008000000                . = ALIGN (0x4)
 *(.isr_vector)
 .isr_vector    0x0000000008000000      0x188 Core/Startup/startup_stm32f407vgtx.o
                0x0000000008000000                g_pfnVectors
                0x0000000008000188                . = ALIGN (0x4)

.text           0x0000000008000188     0x4414
                0x0000000008000188                . = ALIGN (0x4)
 *(.text)
 .text          0x0000000008000188       0x40 c:/st/stm32cubeide_1.3.0/stm32cubeide/plugins/com.st.stm32cube.ide.mcu.externaltools.gnu-tools-for-stm32.7-2018-q2-update.win32_1.0.0.201904181610/tools/bin/../lib/gcc/arm-none-eabi/7.3.1/thumb/v7e-m/fpv4-sp/hard/crtbegin.o
 .text          0x00000000080001c8       0x30 c:/st/stm32cubeide_1.3.0/stm32cubeide/plugins/com.st.stm32cube.ide.mcu.externaltools.gnu-tools-for-stm32.7-2018-q2-update.win32_1.0.0.201904181610/tools/bin/../lib/gcc/arm-none-eabi/7.3.1/thumb/v7e-m/fpv4-sp/hard\libgcc.a(_aeabi_uldivmod.o)
                0x00000000080001c8                __aeabi_uldivmod
 .text          0x00000000080001f8      0x2cc c:/st/stm32cubeide_1.3.0/stm32cubeide/plugins/com.st.stm32cube.ide.mcu.externaltools.gnu-tools-for-stm32.7-2018-q2-update.win32_1.0.0.201904181610/tools/bin/../lib/gcc/arm-none-eabi/7.3.1/thumb/v7e-m/fpv4-sp/hard\libgcc.a(_udivmoddi4.o)
                0x00000000080001f8                __udivmoddi4
 .text          0x00000000080004c4        0x4 c:/st/stm32cubeide_1.3.0/stm32cubeide/plugins/com.st.stm32cube.ide.mcu.externaltools.gnu-tools-for-stm32.7-2018-q2-update.win32_1.0.0.201904181610/tools/bin/../lib/gcc/arm-none-eabi/7.3.1/thumb/v7e-m/fpv4-sp/hard\libgcc.a(_dvmd_tls.o)
                0x00000000080004c4                __aeabi_idiv0
                0x00000000080004c4                __aeabi_ldiv0
 *(.text*)
 .text.RX_Callback
                0x00000000080004c8       0x2c Core/Src/ESP8266.o
                0x00000000080004c8                RX_Callback
 .text.get_data_from_wifi_module
                0x00000000080004f4       0x68 Core/Src/ESP8266.o
                0x00000000080004f4                get_data_from_wifi_module
 .text.check_message_type
                0x000000000800055c      0x4e8 Core/Src/ESP8266.o
                0x000000000800055c                check_message_type
 .text.send_command_to_server
                0x0000000008000a44       0x94 Core/Src/ESP8266.o
                0x0000000008000a44                send_command_to_server
 .text.check_start_and_stop_bits
                0x0000000008000ad8       0xf4 Core/Src/ESP8266.o
                0x0000000008000ad8                check_start_and_stop_bits
 .text.check_stop_bits
                0x0000000008000bcc       0xc8 Core/Src/ESP8266.o
                0x0000000008000bcc                check_stop_bits
 .text.check_first_response
                0x0000000008000c94       0xd8 Core/Src/ESP8266.o
                0x0000000008000c94                check_first_response
 .text.check_connected_or_invalid_link
                0x0000000008000d6c      0x178 Core/Src/ESP8266.o
                0x0000000008000d6c                check_connected_or_invalid_link
 .text.check_connect_or_close_situation
                0x0000000008000ee4      0x134 Core/Src/ESP8266.o
                0x0000000008000ee4                check_connect_or_close_situation
 .text.reset_terminal_datas
                0x0000000008001018       0x48 Core/Src/ESP8266.o
                0x0000000008001018                reset_terminal_datas
 .text.FOTA_main
                0x0000000008001060      0x1a8 Core/Src/FOTA.o
                0x0000000008001060                FOTA_main
 .text.initial_arrangement
                0x0000000008001208       0x50 Core/Src/FOTA.o
                0x0000000008001208                initial_arrangement
 .text.endiannes_arrangement
                0x0000000008001258      0x158 Core/Src/FOTA.o
                0x0000000008001258                endiannes_arrangement
 .text.Flash_erase
                0x00000000080013b0       0x80 Core/Src/FOTA.o
                0x00000000080013b0                Flash_erase
 .text.convertChartoHex
                0x0000000008001430       0xd6 Core/Src/FOTA.o
                0x0000000008001430                convertChartoHex
 .text.main     0x0000000008001506       0x22 Core/Src/main.o
                0x0000000008001506                main
 .text.SystemClock_Config
                0x0000000008001528       0xbc Core/Src/main.o
                0x0000000008001528                SystemClock_Config
 .text.MX_TIM3_Init
                0x00000000080015e4       0x9c Core/Src/main.o
 .text.MX_USART2_UART_Init
                0x0000000008001680       0x54 Core/Src/main.o
 .text.MX_GPIO_Init
                0x00000000080016d4       0x88 Core/Src/main.o
 .text.HAL_TIM_PeriodElapsedCallback
                0x000000000800175c       0x4c Core/Src/main.o
                0x000000000800175c                HAL_TIM_PeriodElapsedCallback
 .text.HAL_UART_RxCpltCallback
                0x00000000080017a8       0x24 Core/Src/main.o
                0x00000000080017a8                HAL_UART_RxCpltCallback
 .text.Error_Handler
                0x00000000080017cc        0xe Core/Src/main.o
                0x00000000080017cc                Error_Handler
 *fill*         0x00000000080017da        0x2 
 .text.HAL_MspInit
                0x00000000080017dc       0x50 Core/Src/stm32f4xx_hal_msp.o
                0x00000000080017dc                HAL_MspInit
 .text.HAL_TIM_Base_MspInit
                0x000000000800182c       0x50 Core/Src/stm32f4xx_hal_msp.o
                0x000000000800182c                HAL_TIM_Base_MspInit
 .text.HAL_UART_MspInit
                0x000000000800187c       0xa0 Core/Src/stm32f4xx_hal_msp.o
                0x000000000800187c                HAL_UART_MspInit
 .text.NMI_Handler
                0x000000000800191c        0xe Core/Src/stm32f4xx_it.o
                0x000000000800191c                NMI_Handler
 .text.HardFault_Handler
                0x000000000800192a        0x6 Core/Src/stm32f4xx_it.o
                0x000000000800192a                HardFault_Handler
 .text.MemManage_Handler
                0x0000000008001930        0x6 Core/Src/stm32f4xx_it.o
                0x0000000008001930                MemManage_Handler
 .text.BusFault_Handler
                0x0000000008001936        0x6 Core/Src/stm32f4xx_it.o
                0x0000000008001936                BusFault_Handler
 .text.UsageFault_Handler
                0x000000000800193c        0x6 Core/Src/stm32f4xx_it.o
                0x000000000800193c                UsageFault_Handler
 .text.SVC_Handler
                0x0000000008001942        0xe Core/Src/stm32f4xx_it.o
                0x0000000008001942                SVC_Handler
 .text.DebugMon_Handler
                0x0000000008001950        0xe Core/Src/stm32f4xx_it.o
                0x0000000008001950                DebugMon_Handler
 .text.PendSV_Handler
                0x000000000800195e        0xe Core/Src/stm32f4xx_it.o
                0x000000000800195e                PendSV_Handler
 .text.SysTick_Handler
                0x000000000800196c        0xc Core/Src/stm32f4xx_it.o
                0x000000000800196c                SysTick_Handler
 .text.TIM3_IRQHandler
                0x0000000008001978       0x14 Core/Src/stm32f4xx_it.o
                0x0000000008001978                TIM3_IRQHandler
 .text.USART2_IRQHandler
                0x000000000800198c       0x14 Core/Src/stm32f4xx_it.o
                0x000000000800198c                USART2_IRQHandler
 .text.SystemInit
                0x00000000080019a0       0x2c Core/Src/system_stm32f4xx.o
                0x00000000080019a0                SystemInit
 .text.Reset_Handler
                0x00000000080019cc       0x50 Core/Startup/startup_stm32f407vgtx.o
                0x00000000080019cc                Reset_Handler
 .text.Default_Handler
                0x0000000008001a1c        0x2 Core/Startup/startup_stm32f407vgtx.o
                0x0000000008001a1c                RTC_Alarm_IRQHandler
                0x0000000008001a1c                HASH_RNG_IRQHandler
                0x0000000008001a1c                EXTI2_IRQHandler
                0x0000000008001a1c                TIM8_CC_IRQHandler
                0x0000000008001a1c                TIM1_CC_IRQHandler
                0x0000000008001a1c                DMA2_Stream5_IRQHandler
                0x0000000008001a1c                DMA1_Stream5_IRQHandler
                0x0000000008001a1c                PVD_IRQHandler
                0x0000000008001a1c                SDIO_IRQHandler
                0x0000000008001a1c                TAMP_STAMP_IRQHandler
                0x0000000008001a1c                CAN2_RX1_IRQHandler
                0x0000000008001a1c                EXTI3_IRQHandler
                0x0000000008001a1c                TIM8_TRG_COM_TIM14_IRQHandler
                0x0000000008001a1c                TIM1_UP_TIM10_IRQHandler
                0x0000000008001a1c                TIM8_UP_TIM13_IRQHandler
                0x0000000008001a1c                I2C3_ER_IRQHandler
                0x0000000008001a1c                EXTI0_IRQHandler
                0x0000000008001a1c                I2C2_EV_IRQHandler
                0x0000000008001a1c                DMA1_Stream2_IRQHandler
                0x0000000008001a1c                CAN1_RX0_IRQHandler
                0x0000000008001a1c                FPU_IRQHandler
                0x0000000008001a1c                OTG_HS_WKUP_IRQHandler
                0x0000000008001a1c                CAN2_SCE_IRQHandler
                0x0000000008001a1c                DMA2_Stream2_IRQHandler
                0x0000000008001a1c                SPI1_IRQHandler
                0x0000000008001a1c                TIM6_DAC_IRQHandler
                0x0000000008001a1c                TIM1_BRK_TIM9_IRQHandler
                0x0000000008001a1c                DCMI_IRQHandler
                0x0000000008001a1c                CAN2_RX0_IRQHandler
                0x0000000008001a1c                DMA2_Stream3_IRQHandler
                0x0000000008001a1c                USART6_IRQHandler
                0x0000000008001a1c                USART3_IRQHandler
                0x0000000008001a1c                CAN1_RX1_IRQHandler
                0x0000000008001a1c                UART5_IRQHandler
                0x0000000008001a1c                DMA2_Stream0_IRQHandler
                0x0000000008001a1c                TIM4_IRQHandler
                0x0000000008001a1c                I2C1_EV_IRQHandler
                0x0000000008001a1c                DMA1_Stream6_IRQHandler
                0x0000000008001a1c                DMA1_Stream1_IRQHandler
                0x0000000008001a1c                UART4_IRQHandler
                0x0000000008001a1c                RCC_IRQHandler
                0x0000000008001a1c                TIM8_BRK_TIM12_IRQHandler
                0x0000000008001a1c                Default_Handler
                0x0000000008001a1c                EXTI15_10_IRQHandler
                0x0000000008001a1c                ADC_IRQHandler
                0x0000000008001a1c                DMA1_Stream7_IRQHandler
                0x0000000008001a1c                TIM7_IRQHandler
                0x0000000008001a1c                CAN2_TX_IRQHandler
                0x0000000008001a1c                TIM5_IRQHandler
                0x0000000008001a1c                DMA2_Stream7_IRQHandler
                0x0000000008001a1c                I2C3_EV_IRQHandler
                0x0000000008001a1c                EXTI9_5_IRQHandler
                0x0000000008001a1c                RTC_WKUP_IRQHandler
                0x0000000008001a1c                ETH_WKUP_IRQHandler
                0x0000000008001a1c                SPI2_IRQHandler
                0x0000000008001a1c                OTG_HS_EP1_IN_IRQHandler
                0x0000000008001a1c                DMA1_Stream0_IRQHandler
                0x0000000008001a1c                CAN1_TX_IRQHandler
                0x0000000008001a1c                EXTI4_IRQHandler
                0x0000000008001a1c                FSMC_IRQHandler
                0x0000000008001a1c                ETH_IRQHandler
                0x0000000008001a1c                OTG_HS_EP1_OUT_IRQHandler
                0x0000000008001a1c                WWDG_IRQHandler
                0x0000000008001a1c                TIM2_IRQHandler
                0x0000000008001a1c                OTG_FS_WKUP_IRQHandler
                0x0000000008001a1c                TIM1_TRG_COM_TIM11_IRQHandler
                0x0000000008001a1c                OTG_HS_IRQHandler
                0x0000000008001a1c                EXTI1_IRQHandler
                0x0000000008001a1c                I2C2_ER_IRQHandler
                0x0000000008001a1c                DMA2_Stream1_IRQHandler
                0x0000000008001a1c                CAN1_SCE_IRQHandler
                0x0000000008001a1c                FLASH_IRQHandler
                0x0000000008001a1c                DMA2_Stream4_IRQHandler
                0x0000000008001a1c                USART1_IRQHandler
                0x0000000008001a1c                OTG_FS_IRQHandler
                0x0000000008001a1c                SPI3_IRQHandler
                0x0000000008001a1c                DMA1_Stream4_IRQHandler
                0x0000000008001a1c                I2C1_ER_IRQHandler
                0x0000000008001a1c                DMA2_Stream6_IRQHandler
                0x0000000008001a1c                DMA1_Stream3_IRQHandler
 *fill*         0x0000000008001a1e        0x2 
 .text.HAL_Init
                0x0000000008001a20       0x44 Drivers/STM32F4xx_HAL_Driver/Src/stm32f4xx_hal.o
                0x0000000008001a20                HAL_Init
 .text.HAL_InitTick
                0x0000000008001a64       0x60 Drivers/STM32F4xx_HAL_Driver/Src/stm32f4xx_hal.o
                0x0000000008001a64                HAL_InitTick
 .text.HAL_IncTick
                0x0000000008001ac4       0x28 Drivers/STM32F4xx_HAL_Driver/Src/stm32f4xx_hal.o
                0x0000000008001ac4                HAL_IncTick
 .text.HAL_GetTick
                0x0000000008001aec       0x18 Drivers/STM32F4xx_HAL_Driver/Src/stm32f4xx_hal.o
                0x0000000008001aec                HAL_GetTick
 .text.__NVIC_SetPriorityGrouping
                0x0000000008001b04       0x48 Drivers/STM32F4xx_HAL_Driver/Src/stm32f4xx_hal_cortex.o
 .text.__NVIC_GetPriorityGrouping
                0x0000000008001b4c       0x1c Drivers/STM32F4xx_HAL_Driver/Src/stm32f4xx_hal_cortex.o
 .text.__NVIC_EnableIRQ
                0x0000000008001b68       0x3c Drivers/STM32F4xx_HAL_Driver/Src/stm32f4xx_hal_cortex.o
 .text.__NVIC_SetPriority
                0x0000000008001ba4       0x54 Drivers/STM32F4xx_HAL_Driver/Src/stm32f4xx_hal_cortex.o
 .text.NVIC_EncodePriority
                0x0000000008001bf8       0x66 Drivers/STM32F4xx_HAL_Driver/Src/stm32f4xx_hal_cortex.o
 *fill*         0x0000000008001c5e        0x2 
 .text.SysTick_Config
                0x0000000008001c60       0x44 Drivers/STM32F4xx_HAL_Driver/Src/stm32f4xx_hal_cortex.o
 .text.HAL_NVIC_SetPriorityGrouping
                0x0000000008001ca4       0x16 Drivers/STM32F4xx_HAL_Driver/Src/stm32f4xx_hal_cortex.o
                0x0000000008001ca4                HAL_NVIC_SetPriorityGrouping
 .text.HAL_NVIC_SetPriority
                0x0000000008001cba       0x38 Drivers/STM32F4xx_HAL_Driver/Src/stm32f4xx_hal_cortex.o
                0x0000000008001cba                HAL_NVIC_SetPriority
 .text.HAL_NVIC_EnableIRQ
                0x0000000008001cf2       0x1c Drivers/STM32F4xx_HAL_Driver/Src/stm32f4xx_hal_cortex.o
                0x0000000008001cf2                HAL_NVIC_EnableIRQ
 .text.HAL_SYSTICK_Config
                0x0000000008001d0e       0x18 Drivers/STM32F4xx_HAL_Driver/Src/stm32f4xx_hal_cortex.o
                0x0000000008001d0e                HAL_SYSTICK_Config
 .text.HAL_DMA_Abort_IT
                0x0000000008001d26       0x44 Drivers/STM32F4xx_HAL_Driver/Src/stm32f4xx_hal_dma.o
                0x0000000008001d26                HAL_DMA_Abort_IT
 *fill*         0x0000000008001d6a        0x2 
 .text.HAL_FLASH_Program
                0x0000000008001d6c       0xa8 Drivers/STM32F4xx_HAL_Driver/Src/stm32f4xx_hal_flash.o
                0x0000000008001d6c                HAL_FLASH_Program
 .text.HAL_FLASH_Unlock
                0x0000000008001e14       0x44 Drivers/STM32F4xx_HAL_Driver/Src/stm32f4xx_hal_flash.o
                0x0000000008001e14                HAL_FLASH_Unlock
 .text.HAL_FLASH_Lock
                0x0000000008001e58       0x20 Drivers/STM32F4xx_HAL_Driver/Src/stm32f4xx_hal_flash.o
                0x0000000008001e58                HAL_FLASH_Lock
 .text.FLASH_WaitForLastOperation
                0x0000000008001e78       0x80 Drivers/STM32F4xx_HAL_Driver/Src/stm32f4xx_hal_flash.o
                0x0000000008001e78                FLASH_WaitForLastOperation
 .text.FLASH_Program_DoubleWord
                0x0000000008001ef8       0x60 Drivers/STM32F4xx_HAL_Driver/Src/stm32f4xx_hal_flash.o
 .text.FLASH_Program_Word
                0x0000000008001f58       0x44 Drivers/STM32F4xx_HAL_Driver/Src/stm32f4xx_hal_flash.o
 .text.FLASH_Program_HalfWord
                0x0000000008001f9c       0x48 Drivers/STM32F4xx_HAL_Driver/Src/stm32f4xx_hal_flash.o
 .text.FLASH_Program_Byte
                0x0000000008001fe4       0x44 Drivers/STM32F4xx_HAL_Driver/Src/stm32f4xx_hal_flash.o
 .text.FLASH_SetErrorCode
                0x0000000008002028       0xac Drivers/STM32F4xx_HAL_Driver/Src/stm32f4xx_hal_flash.o
 .text.FLASH_Erase_Sector
                0x00000000080020d4       0x90 Drivers/STM32F4xx_HAL_Driver/Src/stm32f4xx_hal_flash_ex.o
                0x00000000080020d4                FLASH_Erase_Sector
 .text.HAL_GPIO_Init
                0x0000000008002164      0x334 Drivers/STM32F4xx_HAL_Driver/Src/stm32f4xx_hal_gpio.o
                0x0000000008002164                HAL_GPIO_Init
 .text.HAL_GPIO_WritePin
                0x0000000008002498       0x32 Drivers/STM32F4xx_HAL_Driver/Src/stm32f4xx_hal_gpio.o
                0x0000000008002498                HAL_GPIO_WritePin
 .text.HAL_GPIO_TogglePin
                0x00000000080024ca       0x36 Drivers/STM32F4xx_HAL_Driver/Src/stm32f4xx_hal_gpio.o
                0x00000000080024ca                HAL_GPIO_TogglePin
 .text.HAL_RCC_OscConfig
                0x0000000008002500      0x4e0 Drivers/STM32F4xx_HAL_Driver/Src/stm32f4xx_hal_rcc.o
                0x0000000008002500                HAL_RCC_OscConfig
 .text.HAL_RCC_ClockConfig
                0x00000000080029e0      0x1cc Drivers/STM32F4xx_HAL_Driver/Src/stm32f4xx_hal_rcc.o
                0x00000000080029e0                HAL_RCC_ClockConfig
 .text.HAL_RCC_GetSysClockFreq
                0x0000000008002bac      0x164 Drivers/STM32F4xx_HAL_Driver/Src/stm32f4xx_hal_rcc.o
                0x0000000008002bac                HAL_RCC_GetSysClockFreq
 .text.HAL_RCC_GetHCLKFreq
                0x0000000008002d10       0x18 Drivers/STM32F4xx_HAL_Driver/Src/stm32f4xx_hal_rcc.o
                0x0000000008002d10                HAL_RCC_GetHCLKFreq
 .text.HAL_RCC_GetPCLK1Freq
                0x0000000008002d28       0x28 Drivers/STM32F4xx_HAL_Driver/Src/stm32f4xx_hal_rcc.o
                0x0000000008002d28                HAL_RCC_GetPCLK1Freq
 .text.HAL_RCC_GetPCLK2Freq
                0x0000000008002d50       0x28 Drivers/STM32F4xx_HAL_Driver/Src/stm32f4xx_hal_rcc.o
                0x0000000008002d50                HAL_RCC_GetPCLK2Freq
 .text.HAL_TIM_Base_Init
                0x0000000008002d78       0x56 Drivers/STM32F4xx_HAL_Driver/Src/stm32f4xx_hal_tim.o
                0x0000000008002d78                HAL_TIM_Base_Init
 .text.HAL_TIM_Base_Start_IT
                0x0000000008002dce       0x48 Drivers/STM32F4xx_HAL_Driver/Src/stm32f4xx_hal_tim.o
                0x0000000008002dce                HAL_TIM_Base_Start_IT
 .text.HAL_TIM_Base_Stop_IT
                0x0000000008002e16       0x56 Drivers/STM32F4xx_HAL_Driver/Src/stm32f4xx_hal_tim.o
                0x0000000008002e16                HAL_TIM_Base_Stop_IT
 .text.HAL_TIM_IRQHandler
                0x0000000008002e6c      0x210 Drivers/STM32F4xx_HAL_Driver/Src/stm32f4xx_hal_tim.o
                0x0000000008002e6c                HAL_TIM_IRQHandler
 .text.HAL_TIM_ConfigClockSource
                0x000000000800307c      0x16e Drivers/STM32F4xx_HAL_Driver/Src/stm32f4xx_hal_tim.o
                0x000000000800307c                HAL_TIM_ConfigClockSource
 .text.HAL_TIM_OC_DelayElapsedCallback
                0x00000000080031ea       0x14 Drivers/STM32F4xx_HAL_Driver/Src/stm32f4xx_hal_tim.o
                0x00000000080031ea                HAL_TIM_OC_DelayElapsedCallback
 .text.HAL_TIM_IC_CaptureCallback
                0x00000000080031fe       0x14 Drivers/STM32F4xx_HAL_Driver/Src/stm32f4xx_hal_tim.o
                0x00000000080031fe                HAL_TIM_IC_CaptureCallback
 .text.HAL_TIM_PWM_PulseFinishedCallback
                0x0000000008003212       0x14 Drivers/STM32F4xx_HAL_Driver/Src/stm32f4xx_hal_tim.o
                0x0000000008003212                HAL_TIM_PWM_PulseFinishedCallback
 .text.HAL_TIM_TriggerCallback
                0x0000000008003226       0x14 Drivers/STM32F4xx_HAL_Driver/Src/stm32f4xx_hal_tim.o
                0x0000000008003226                HAL_TIM_TriggerCallback
 *fill*         0x000000000800323a        0x2 
 .text.TIM_Base_SetConfig
                0x000000000800323c      0x140 Drivers/STM32F4xx_HAL_Driver/Src/stm32f4xx_hal_tim.o
                0x000000000800323c                TIM_Base_SetConfig
 .text.TIM_TI1_ConfigInputStage
                0x000000000800337c       0x5e Drivers/STM32F4xx_HAL_Driver/Src/stm32f4xx_hal_tim.o
 .text.TIM_TI2_ConfigInputStage
                0x00000000080033da       0x60 Drivers/STM32F4xx_HAL_Driver/Src/stm32f4xx_hal_tim.o
 .text.TIM_ITRx_SetConfig
                0x000000000800343a       0x36 Drivers/STM32F4xx_HAL_Driver/Src/stm32f4xx_hal_tim.o
 .text.TIM_ETR_SetConfig
                0x0000000008003470       0x40 Drivers/STM32F4xx_HAL_Driver/Src/stm32f4xx_hal_tim.o
                0x0000000008003470                TIM_ETR_SetConfig
 .text.HAL_TIMEx_MasterConfigSynchronization
                0x00000000080034b0       0xf8 Drivers/STM32F4xx_HAL_Driver/Src/stm32f4xx_hal_tim_ex.o
                0x00000000080034b0                HAL_TIMEx_MasterConfigSynchronization
 .text.HAL_TIMEx_CommutCallback
                0x00000000080035a8       0x14 Drivers/STM32F4xx_HAL_Driver/Src/stm32f4xx_hal_tim_ex.o
                0x00000000080035a8                HAL_TIMEx_CommutCallback
 .text.HAL_TIMEx_BreakCallback
                0x00000000080035bc       0x14 Drivers/STM32F4xx_HAL_Driver/Src/stm32f4xx_hal_tim_ex.o
                0x00000000080035bc                HAL_TIMEx_BreakCallback
 .text.HAL_UART_Init
                0x00000000080035d0       0x9a Drivers/STM32F4xx_HAL_Driver/Src/stm32f4xx_hal_uart.o
                0x00000000080035d0                HAL_UART_Init
 .text.HAL_UART_Transmit
                0x000000000800366a      0x132 Drivers/STM32F4xx_HAL_Driver/Src/stm32f4xx_hal_uart.o
                0x000000000800366a                HAL_UART_Transmit
 .text.HAL_UART_Receive_IT
                0x000000000800379c       0xaa Drivers/STM32F4xx_HAL_Driver/Src/stm32f4xx_hal_uart.o
                0x000000000800379c                HAL_UART_Receive_IT
 *fill*         0x0000000008003846        0x2 
 .text.HAL_UART_AbortReceive_IT
                0x0000000008003848       0xb0 Drivers/STM32F4xx_HAL_Driver/Src/stm32f4xx_hal_uart.o
                0x0000000008003848                HAL_UART_AbortReceive_IT
 .text.HAL_UART_IRQHandler
                0x00000000080038f8      0x200 Drivers/STM32F4xx_HAL_Driver/Src/stm32f4xx_hal_uart.o
                0x00000000080038f8                HAL_UART_IRQHandler
 .text.HAL_UART_TxCpltCallback
                0x0000000008003af8       0x14 Drivers/STM32F4xx_HAL_Driver/Src/stm32f4xx_hal_uart.o
                0x0000000008003af8                HAL_UART_TxCpltCallback
 .text.HAL_UART_ErrorCallback
                0x0000000008003b0c       0x14 Drivers/STM32F4xx_HAL_Driver/Src/stm32f4xx_hal_uart.o
                0x0000000008003b0c                HAL_UART_ErrorCallback
 .text.HAL_UART_AbortReceiveCpltCallback
                0x0000000008003b20       0x14 Drivers/STM32F4xx_HAL_Driver/Src/stm32f4xx_hal_uart.o
                0x0000000008003b20                HAL_UART_AbortReceiveCpltCallback
 .text.UART_WaitOnFlagUntilTimeout
                0x0000000008003b34       0x94 Drivers/STM32F4xx_HAL_Driver/Src/stm32f4xx_hal_uart.o
 .text.UART_EndRxTransfer
                0x0000000008003bc8       0x3c Drivers/STM32F4xx_HAL_Driver/Src/stm32f4xx_hal_uart.o
 .text.UART_DMAAbortOnError
                0x0000000008003c04       0x28 Drivers/STM32F4xx_HAL_Driver/Src/stm32f4xx_hal_uart.o
 .text.UART_DMARxOnlyAbortCallback
                0x0000000008003c2c       0x2a Drivers/STM32F4xx_HAL_Driver/Src/stm32f4xx_hal_uart.o
 .text.UART_Transmit_IT
                0x0000000008003c56       0xac Drivers/STM32F4xx_HAL_Driver/Src/stm32f4xx_hal_uart.o
 .text.UART_EndTransmit_IT
                0x0000000008003d02       0x30 Drivers/STM32F4xx_HAL_Driver/Src/stm32f4xx_hal_uart.o
 .text.UART_Receive_IT
                0x0000000008003d32      0x102 Drivers/STM32F4xx_HAL_Driver/Src/stm32f4xx_hal_uart.o
 .text.UART_SetConfig
                0x0000000008003e34      0x6f8 Drivers/STM32F4xx_HAL_Driver/Src/stm32f4xx_hal_uart.o
 .text.__libc_init_array
                0x000000000800452c       0x48 c:/st/stm32cubeide_1.3.0/stm32cubeide/plugins/com.st.stm32cube.ide.mcu.externaltools.gnu-tools-for-stm32.7-2018-q2-update.win32_1.0.0.201904181610/tools/bin/../lib/gcc/arm-none-eabi/7.3.1/../../../../arm-none-eabi/lib/thumb/v7e-m/fpv4-sp/hard\libc_nano.a(lib_a-init.o)
                0x000000000800452c                __libc_init_array
 .text.memset   0x0000000008004574       0x10 c:/st/stm32cubeide_1.3.0/stm32cubeide/plugins/com.st.stm32cube.ide.mcu.externaltools.gnu-tools-for-stm32.7-2018-q2-update.win32_1.0.0.201904181610/tools/bin/../lib/gcc/arm-none-eabi/7.3.1/../../../../arm-none-eabi/lib/thumb/v7e-m/fpv4-sp/hard\libc_nano.a(lib_a-memset.o)
                0x0000000008004574                memset
 *(.glue_7)
 .glue_7        0x0000000008004584        0x0 linker stubs
 *(.glue_7t)
 .glue_7t       0x0000000008004584        0x0 linker stubs
 *(.eh_frame)
 .eh_frame      0x0000000008004584        0x0 c:/st/stm32cubeide_1.3.0/stm32cubeide/plugins/com.st.stm32cube.ide.mcu.externaltools.gnu-tools-for-stm32.7-2018-q2-update.win32_1.0.0.201904181610/tools/bin/../lib/gcc/arm-none-eabi/7.3.1/thumb/v7e-m/fpv4-sp/hard/crtbegin.o
 *(.init)
 .init          0x0000000008004584        0x4 c:/st/stm32cubeide_1.3.0/stm32cubeide/plugins/com.st.stm32cube.ide.mcu.externaltools.gnu-tools-for-stm32.7-2018-q2-update.win32_1.0.0.201904181610/tools/bin/../lib/gcc/arm-none-eabi/7.3.1/thumb/v7e-m/fpv4-sp/hard/crti.o
                0x0000000008004584                _init
 .init          0x0000000008004588        0x8 c:/st/stm32cubeide_1.3.0/stm32cubeide/plugins/com.st.stm32cube.ide.mcu.externaltools.gnu-tools-for-stm32.7-2018-q2-update.win32_1.0.0.201904181610/tools/bin/../lib/gcc/arm-none-eabi/7.3.1/thumb/v7e-m/fpv4-sp/hard/crtn.o
 *(.fini)
 .fini          0x0000000008004590        0x4 c:/st/stm32cubeide_1.3.0/stm32cubeide/plugins/com.st.stm32cube.ide.mcu.externaltools.gnu-tools-for-stm32.7-2018-q2-update.win32_1.0.0.201904181610/tools/bin/../lib/gcc/arm-none-eabi/7.3.1/thumb/v7e-m/fpv4-sp/hard/crti.o
                0x0000000008004590                _fini
 .fini          0x0000000008004594        0x8 c:/st/stm32cubeide_1.3.0/stm32cubeide/plugins/com.st.stm32cube.ide.mcu.externaltools.gnu-tools-for-stm32.7-2018-q2-update.win32_1.0.0.201904181610/tools/bin/../lib/gcc/arm-none-eabi/7.3.1/thumb/v7e-m/fpv4-sp/hard/crtn.o
                0x000000000800459c                . = ALIGN (0x4)
                0x000000000800459c                _etext = .

.vfp11_veneer   0x000000000800459c        0x0
 .vfp11_veneer  0x000000000800459c        0x0 linker stubs

.v4_bx          0x000000000800459c        0x0
 .v4_bx         0x000000000800459c        0x0 linker stubs

.iplt           0x000000000800459c        0x0
 .iplt          0x000000000800459c        0x0 c:/st/stm32cubeide_1.3.0/stm32cubeide/plugins/com.st.stm32cube.ide.mcu.externaltools.gnu-tools-for-stm32.7-2018-q2-update.win32_1.0.0.201904181610/tools/bin/../lib/gcc/arm-none-eabi/7.3.1/thumb/v7e-m/fpv4-sp/hard/crtbegin.o

.rodata         0x000000000800459c       0x6c
                0x000000000800459c                . = ALIGN (0x4)
 *(.rodata)
 .rodata        0x000000000800459c       0x53 Core/Src/ESP8266.o
 *(.rodata*)
 *fill*         0x00000000080045ef        0x1 
 .rodata.AHBPrescTable
                0x00000000080045f0       0x10 Core/Src/system_stm32f4xx.o
                0x00000000080045f0                AHBPrescTable
 .rodata.APBPrescTable
                0x0000000008004600        0x8 Core/Src/system_stm32f4xx.o
                0x0000000008004600                APBPrescTable
                0x0000000008004608                . = ALIGN (0x4)

.ARM.extab      0x0000000008004608        0x0
                0x0000000008004608                . = ALIGN (0x4)
 *(.ARM.extab* .gnu.linkonce.armextab.*)
                0x0000000008004608                . = ALIGN (0x4)

.ARM            0x0000000008004608        0x8
                0x0000000008004608                . = ALIGN (0x4)
                0x0000000008004608                __exidx_start = .
 *(.ARM.exidx*)
 .ARM.exidx     0x0000000008004608        0x8 c:/st/stm32cubeide_1.3.0/stm32cubeide/plugins/com.st.stm32cube.ide.mcu.externaltools.gnu-tools-for-stm32.7-2018-q2-update.win32_1.0.0.201904181610/tools/bin/../lib/gcc/arm-none-eabi/7.3.1/thumb/v7e-m/fpv4-sp/hard\libgcc.a(_udivmoddi4.o)
                0x0000000008004610                __exidx_end = .
                0x0000000008004610                . = ALIGN (0x4)

.rel.dyn        0x0000000008004610        0x0
 .rel.iplt      0x0000000008004610        0x0 c:/st/stm32cubeide_1.3.0/stm32cubeide/plugins/com.st.stm32cube.ide.mcu.externaltools.gnu-tools-for-stm32.7-2018-q2-update.win32_1.0.0.201904181610/tools/bin/../lib/gcc/arm-none-eabi/7.3.1/thumb/v7e-m/fpv4-sp/hard/crtbegin.o

.preinit_array  0x0000000008004610        0x0
                0x0000000008004610                . = ALIGN (0x4)
                0x0000000008004610                PROVIDE (__preinit_array_start = .)
 *(.preinit_array*)
                0x0000000008004610                PROVIDE (__preinit_array_end = .)
                0x0000000008004610                . = ALIGN (0x4)

.init_array     0x0000000008004610        0x4
                0x0000000008004610                . = ALIGN (0x4)
                0x0000000008004610                PROVIDE (__init_array_start = .)
 *(SORT_BY_NAME(.init_array.*))
 *(.init_array*)
 .init_array    0x0000000008004610        0x4 c:/st/stm32cubeide_1.3.0/stm32cubeide/plugins/com.st.stm32cube.ide.mcu.externaltools.gnu-tools-for-stm32.7-2018-q2-update.win32_1.0.0.201904181610/tools/bin/../lib/gcc/arm-none-eabi/7.3.1/thumb/v7e-m/fpv4-sp/hard/crtbegin.o
                0x0000000008004614                PROVIDE (__init_array_end = .)
                0x0000000008004614                . = ALIGN (0x4)

.fini_array     0x0000000008004614        0x4
                0x0000000008004614                . = ALIGN (0x4)
                [!provide]                        PROVIDE (__fini_array_start = .)
 *(SORT_BY_NAME(.fini_array.*))
 *(.fini_array*)
 .fini_array    0x0000000008004614        0x4 c:/st/stm32cubeide_1.3.0/stm32cubeide/plugins/com.st.stm32cube.ide.mcu.externaltools.gnu-tools-for-stm32.7-2018-q2-update.win32_1.0.0.201904181610/tools/bin/../lib/gcc/arm-none-eabi/7.3.1/thumb/v7e-m/fpv4-sp/hard/crtbegin.o
                [!provide]                        PROVIDE (__fini_array_end = .)
                0x0000000008004618                . = ALIGN (0x4)
                0x0000000008004618                _sidata = LOADADDR (.data)

.data           0x0000000020000000        0xc load address 0x0000000008004618
                0x0000000020000000                . = ALIGN (0x4)
                0x0000000020000000                _sdata = .
 *(.data)
 *(.data*)
 .data.SystemCoreClock
                0x0000000020000000        0x4 Core/Src/system_stm32f4xx.o
                0x0000000020000000                SystemCoreClock
 .data.uwTickPrio
                0x0000000020000004        0x4 Drivers/STM32F4xx_HAL_Driver/Src/stm32f4xx_hal.o
                0x0000000020000004                uwTickPrio
 .data.uwTickFreq
                0x0000000020000008        0x1 Drivers/STM32F4xx_HAL_Driver/Src/stm32f4xx_hal.o
                0x0000000020000008                uwTickFreq
                0x000000002000000c                . = ALIGN (0x4)
 *fill*         0x0000000020000009        0x3 
                0x000000002000000c                _edata = .

.igot.plt       0x000000002000000c        0x0 load address 0x0000000008004624
 .igot.plt      0x000000002000000c        0x0 c:/st/stm32cubeide_1.3.0/stm32cubeide/plugins/com.st.stm32cube.ide.mcu.externaltools.gnu-tools-for-stm32.7-2018-q2-update.win32_1.0.0.201904181610/tools/bin/../lib/gcc/arm-none-eabi/7.3.1/thumb/v7e-m/fpv4-sp/hard/crtbegin.o
                0x000000002000000c                . = ALIGN (0x4)

.bss            0x000000002000000c     0xd7e4 load address 0x0000000008004624
                0x000000002000000c                _sbss = .
                0x000000002000000c                __bss_start__ = _sbss
 *(.bss)
 .bss           0x000000002000000c       0x1c c:/st/stm32cubeide_1.3.0/stm32cubeide/plugins/com.st.stm32cube.ide.mcu.externaltools.gnu-tools-for-stm32.7-2018-q2-update.win32_1.0.0.201904181610/tools/bin/../lib/gcc/arm-none-eabi/7.3.1/thumb/v7e-m/fpv4-sp/hard/crtbegin.o
 *(.bss*)
 .bss.ESP_datas
                0x0000000020000028     0xd700 Core/Src/ESP8266.o
                0x0000000020000028                ESP_datas
 .bss.linenumber.9296
                0x000000002000d728        0x4 Core/Src/ESP8266.o
 .bss.response_u8.9311
                0x000000002000d72c        0x1 Core/Src/ESP8266.o
 .bss.veri_akisi_u8.9309
                0x000000002000d72d        0x1 Core/Src/ESP8266.o
 *fill*         0x000000002000d72e        0x2 
 .bss.scan_index_u32.9308
                0x000000002000d730        0x4 Core/Src/ESP8266.o
 .bss.stop_bit_type_u8.9310
                0x000000002000d734        0x1 Core/Src/ESP8266.o
 *fill*         0x000000002000d735        0x3 
 .bss.linenumber_u32.9307
                0x000000002000d738        0x4 Core/Src/ESP8266.o
 .bss.Flag_STOP_bit_u8.9336
                0x000000002000d73c        0x1 Core/Src/ESP8266.o
 .bss.Flag_START_bit_u8.9337
                0x000000002000d73d        0x1 Core/Src/ESP8266.o
 *fill*         0x000000002000d73e        0x2 
 .bss.FOTA      0x000000002000d740        0x8 Core/Src/FOTA.o
                0x000000002000d740                FOTA
 .bss.Buffer_index.9296
                0x000000002000d748        0x4 Core/Src/FOTA.o
 *(COMMON)
 COMMON         0x000000002000d74c       0x80 Core/Src/main.o
                0x000000002000d74c                htim3
                0x000000002000d78c                huart2
 COMMON         0x000000002000d7cc        0x4 Drivers/STM32F4xx_HAL_Driver/Src/stm32f4xx_hal.o
                0x000000002000d7cc                uwTick
 COMMON         0x000000002000d7d0       0x20 Drivers/STM32F4xx_HAL_Driver/Src/stm32f4xx_hal_flash.o
                0x000000002000d7d0                pFlash
                0x000000002000d7f0                . = ALIGN (0x4)
                0x000000002000d7f0                _ebss = .
                0x000000002000d7f0                __bss_end__ = _ebss

._user_heap_stack
                0x000000002000d7f0      0x600 load address 0x0000000008004624
                0x000000002000d7f0                . = ALIGN (0x8)
                0x000000002000d7f0                PROVIDE (end = .)
                [!provide]                        PROVIDE (_end = .)
                0x000000002000d9f0                . = (. + _Min_Heap_Size)
 *fill*         0x000000002000d7f0      0x200 
                0x000000002000ddf0                . = (. + _Min_Stack_Size)
 *fill*         0x000000002000d9f0      0x400 
                0x000000002000ddf0                . = ALIGN (0x8)

/DISCARD/
 libc.a(*)
 libm.a(*)
 libgcc.a(*)

.ARM.attributes
                0x0000000000000000       0x30
 *(.ARM.attributes)
 .ARM.attributes
                0x0000000000000000       0x22 c:/st/stm32cubeide_1.3.0/stm32cubeide/plugins/com.st.stm32cube.ide.mcu.externaltools.gnu-tools-for-stm32.7-2018-q2-update.win32_1.0.0.201904181610/tools/bin/../lib/gcc/arm-none-eabi/7.3.1/thumb/v7e-m/fpv4-sp/hard/crti.o
 .ARM.attributes
                0x0000000000000022       0x34 c:/st/stm32cubeide_1.3.0/stm32cubeide/plugins/com.st.stm32cube.ide.mcu.externaltools.gnu-tools-for-stm32.7-2018-q2-update.win32_1.0.0.201904181610/tools/bin/../lib/gcc/arm-none-eabi/7.3.1/thumb/v7e-m/fpv4-sp/hard/crtbegin.o
 .ARM.attributes
                0x0000000000000056       0x39 Core/Src/ESP8266.o
 .ARM.attributes
                0x000000000000008f       0x39 Core/Src/FOTA.o
 .ARM.attributes
                0x00000000000000c8       0x39 Core/Src/main.o
 .ARM.attributes
                0x0000000000000101       0x39 Core/Src/stm32f4xx_hal_msp.o
 .ARM.attributes
                0x000000000000013a       0x39 Core/Src/stm32f4xx_it.o
 .ARM.attributes
                0x0000000000000173       0x39 Core/Src/system_stm32f4xx.o
 .ARM.attributes
                0x00000000000001ac       0x21 Core/Startup/startup_stm32f407vgtx.o
 .ARM.attributes
                0x00000000000001cd       0x39 Drivers/STM32F4xx_HAL_Driver/Src/stm32f4xx_hal.o
 .ARM.attributes
                0x0000000000000206       0x39 Drivers/STM32F4xx_HAL_Driver/Src/stm32f4xx_hal_cortex.o
 .ARM.attributes
                0x000000000000023f       0x39 Drivers/STM32F4xx_HAL_Driver/Src/stm32f4xx_hal_dma.o
 .ARM.attributes
                0x0000000000000278       0x39 Drivers/STM32F4xx_HAL_Driver/Src/stm32f4xx_hal_flash.o
 .ARM.attributes
                0x00000000000002b1       0x39 Drivers/STM32F4xx_HAL_Driver/Src/stm32f4xx_hal_flash_ex.o
 .ARM.attributes
                0x00000000000002ea       0x39 Drivers/STM32F4xx_HAL_Driver/Src/stm32f4xx_hal_gpio.o
 .ARM.attributes
                0x0000000000000323       0x39 Drivers/STM32F4xx_HAL_Driver/Src/stm32f4xx_hal_rcc.o
 .ARM.attributes
                0x000000000000035c       0x39 Drivers/STM32F4xx_HAL_Driver/Src/stm32f4xx_hal_tim.o
 .ARM.attributes
                0x0000000000000395       0x39 Drivers/STM32F4xx_HAL_Driver/Src/stm32f4xx_hal_tim_ex.o
 .ARM.attributes
                0x00000000000003ce       0x39 Drivers/STM32F4xx_HAL_Driver/Src/stm32f4xx_hal_uart.o
 .ARM.attributes
                0x0000000000000407       0x34 c:/st/stm32cubeide_1.3.0/stm32cubeide/plugins/com.st.stm32cube.ide.mcu.externaltools.gnu-tools-for-stm32.7-2018-q2-update.win32_1.0.0.201904181610/tools/bin/../lib/gcc/arm-none-eabi/7.3.1/../../../../arm-none-eabi/lib/thumb/v7e-m/fpv4-sp/hard\libc_nano.a(lib_a-init.o)
 .ARM.attributes
                0x000000000000043b       0x34 c:/st/stm32cubeide_1.3.0/stm32cubeide/plugins/com.st.stm32cube.ide.mcu.externaltools.gnu-tools-for-stm32.7-2018-q2-update.win32_1.0.0.201904181610/tools/bin/../lib/gcc/arm-none-eabi/7.3.1/../../../../arm-none-eabi/lib/thumb/v7e-m/fpv4-sp/hard\libc_nano.a(lib_a-memset.o)
 .ARM.attributes
                0x000000000000046f       0x22 c:/st/stm32cubeide_1.3.0/stm32cubeide/plugins/com.st.stm32cube.ide.mcu.externaltools.gnu-tools-for-stm32.7-2018-q2-update.win32_1.0.0.201904181610/tools/bin/../lib/gcc/arm-none-eabi/7.3.1/thumb/v7e-m/fpv4-sp/hard\libgcc.a(_aeabi_uldivmod.o)
 .ARM.attributes
                0x0000000000000491       0x34 c:/st/stm32cubeide_1.3.0/stm32cubeide/plugins/com.st.stm32cube.ide.mcu.externaltools.gnu-tools-for-stm32.7-2018-q2-update.win32_1.0.0.201904181610/tools/bin/../lib/gcc/arm-none-eabi/7.3.1/thumb/v7e-m/fpv4-sp/hard\libgcc.a(_udivmoddi4.o)
 .ARM.attributes
                0x00000000000004c5       0x22 c:/st/stm32cubeide_1.3.0/stm32cubeide/plugins/com.st.stm32cube.ide.mcu.externaltools.gnu-tools-for-stm32.7-2018-q2-update.win32_1.0.0.201904181610/tools/bin/../lib/gcc/arm-none-eabi/7.3.1/thumb/v7e-m/fpv4-sp/hard\libgcc.a(_dvmd_tls.o)
 .ARM.attributes
                0x00000000000004e7       0x22 c:/st/stm32cubeide_1.3.0/stm32cubeide/plugins/com.st.stm32cube.ide.mcu.externaltools.gnu-tools-for-stm32.7-2018-q2-update.win32_1.0.0.201904181610/tools/bin/../lib/gcc/arm-none-eabi/7.3.1/thumb/v7e-m/fpv4-sp/hard/crtn.o
OUTPUT(Uzaktan_Yazilim_Guncelleme_Uygulamasi.elf elf32-littlearm)

.debug_info     0x0000000000000000     0xfbaa
 .debug_info    0x0000000000000000     0x15dc Core/Src/ESP8266.o
 .debug_info    0x00000000000015dc     0x1678 Core/Src/FOTA.o
 .debug_info    0x0000000000002c54     0x184b Core/Src/main.o
 .debug_info    0x000000000000449f     0x17dc Core/Src/stm32f4xx_hal_msp.o
 .debug_info    0x0000000000005c7b     0x129c Core/Src/stm32f4xx_it.o
 .debug_info    0x0000000000006f17      0x554 Core/Src/system_stm32f4xx.o
 .debug_info    0x000000000000746b       0x22 Core/Startup/startup_stm32f407vgtx.o
 .debug_info    0x000000000000748d      0x945 Drivers/STM32F4xx_HAL_Driver/Src/stm32f4xx_hal.o
 .debug_info    0x0000000000007dd2      0xe28 Drivers/STM32F4xx_HAL_Driver/Src/stm32f4xx_hal_cortex.o
 .debug_info    0x0000000000008bfa      0x968 Drivers/STM32F4xx_HAL_Driver/Src/stm32f4xx_hal_dma.o
 .debug_info    0x0000000000009562      0x622 Drivers/STM32F4xx_HAL_Driver/Src/stm32f4xx_hal_flash.o
 .debug_info    0x0000000000009b84      0x721 Drivers/STM32F4xx_HAL_Driver/Src/stm32f4xx_hal_flash_ex.o
 .debug_info    0x000000000000a2a5      0x7b5 Drivers/STM32F4xx_HAL_Driver/Src/stm32f4xx_hal_gpio.o
 .debug_info    0x000000000000aa5a      0x904 Drivers/STM32F4xx_HAL_Driver/Src/stm32f4xx_hal_rcc.o
 .debug_info    0x000000000000b35e     0x24a9 Drivers/STM32F4xx_HAL_Driver/Src/stm32f4xx_hal_tim.o
 .debug_info    0x000000000000d807     0x1157 Drivers/STM32F4xx_HAL_Driver/Src/stm32f4xx_hal_tim_ex.o
 .debug_info    0x000000000000e95e     0x124c Drivers/STM32F4xx_HAL_Driver/Src/stm32f4xx_hal_uart.o

.debug_abbrev   0x0000000000000000     0x2357
 .debug_abbrev  0x0000000000000000      0x29d Core/Src/ESP8266.o
 .debug_abbrev  0x000000000000029d      0x2e8 Core/Src/FOTA.o
 .debug_abbrev  0x0000000000000585      0x2a6 Core/Src/main.o
 .debug_abbrev  0x000000000000082b      0x21e Core/Src/stm32f4xx_hal_msp.o
 .debug_abbrev  0x0000000000000a49      0x1e1 Core/Src/stm32f4xx_it.o
 .debug_abbrev  0x0000000000000c2a      0x12b Core/Src/system_stm32f4xx.o
 .debug_abbrev  0x0000000000000d55       0x12 Core/Startup/startup_stm32f407vgtx.o
 .debug_abbrev  0x0000000000000d67      0x1c7 Drivers/STM32F4xx_HAL_Driver/Src/stm32f4xx_hal.o
 .debug_abbrev  0x0000000000000f2e      0x2fa Drivers/STM32F4xx_HAL_Driver/Src/stm32f4xx_hal_cortex.o
 .debug_abbrev  0x0000000000001228      0x229 Drivers/STM32F4xx_HAL_Driver/Src/stm32f4xx_hal_dma.o
 .debug_abbrev  0x0000000000001451      0x248 Drivers/STM32F4xx_HAL_Driver/Src/stm32f4xx_hal_flash.o
 .debug_abbrev  0x0000000000001699      0x220 Drivers/STM32F4xx_HAL_Driver/Src/stm32f4xx_hal_flash_ex.o
 .debug_abbrev  0x00000000000018b9      0x1c9 Drivers/STM32F4xx_HAL_Driver/Src/stm32f4xx_hal_gpio.o
 .debug_abbrev  0x0000000000001a82      0x245 Drivers/STM32F4xx_HAL_Driver/Src/stm32f4xx_hal_rcc.o
 .debug_abbrev  0x0000000000001cc7      0x230 Drivers/STM32F4xx_HAL_Driver/Src/stm32f4xx_hal_tim.o
 .debug_abbrev  0x0000000000001ef7      0x21e Drivers/STM32F4xx_HAL_Driver/Src/stm32f4xx_hal_tim_ex.o
 .debug_abbrev  0x0000000000002115      0x242 Drivers/STM32F4xx_HAL_Driver/Src/stm32f4xx_hal_uart.o

.debug_aranges  0x0000000000000000      0xd78
 .debug_aranges
                0x0000000000000000       0x68 Core/Src/ESP8266.o
 .debug_aranges
                0x0000000000000068       0x40 Core/Src/FOTA.o
 .debug_aranges
                0x00000000000000a8       0x58 Core/Src/main.o
 .debug_aranges
                0x0000000000000100       0x40 Core/Src/stm32f4xx_hal_msp.o
 .debug_aranges
                0x0000000000000140       0x70 Core/Src/stm32f4xx_it.o
 .debug_aranges
                0x00000000000001b0       0x28 Core/Src/system_stm32f4xx.o
 .debug_aranges
                0x00000000000001d8       0x28 Core/Startup/startup_stm32f407vgtx.o
 .debug_aranges
                0x0000000000000200       0xf0 Drivers/STM32F4xx_HAL_Driver/Src/stm32f4xx_hal.o
 .debug_aranges
                0x00000000000002f0      0x118 Drivers/STM32F4xx_HAL_Driver/Src/stm32f4xx_hal_cortex.o
 .debug_aranges
                0x0000000000000408       0x90 Drivers/STM32F4xx_HAL_Driver/Src/stm32f4xx_hal_dma.o
 .debug_aranges
                0x0000000000000498       0xa0 Drivers/STM32F4xx_HAL_Driver/Src/stm32f4xx_hal_flash.o
 .debug_aranges
                0x0000000000000538       0x98 Drivers/STM32F4xx_HAL_Driver/Src/stm32f4xx_hal_flash_ex.o
 .debug_aranges
                0x00000000000005d0       0x58 Drivers/STM32F4xx_HAL_Driver/Src/stm32f4xx_hal_gpio.o
 .debug_aranges
                0x0000000000000628       0x88 Drivers/STM32F4xx_HAL_Driver/Src/stm32f4xx_hal_rcc.o
 .debug_aranges
                0x00000000000006b0      0x3a8 Drivers/STM32F4xx_HAL_Driver/Src/stm32f4xx_hal_tim.o
 .debug_aranges
                0x0000000000000a58      0x150 Drivers/STM32F4xx_HAL_Driver/Src/stm32f4xx_hal_tim_ex.o
 .debug_aranges
                0x0000000000000ba8      0x1d0 Drivers/STM32F4xx_HAL_Driver/Src/stm32f4xx_hal_uart.o

.debug_ranges   0x0000000000000000      0xc70
 .debug_ranges  0x0000000000000000       0x58 Core/Src/ESP8266.o
 .debug_ranges  0x0000000000000058       0x30 Core/Src/FOTA.o
 .debug_ranges  0x0000000000000088       0x48 Core/Src/main.o
 .debug_ranges  0x00000000000000d0       0x30 Core/Src/stm32f4xx_hal_msp.o
 .debug_ranges  0x0000000000000100       0x60 Core/Src/stm32f4xx_it.o
 .debug_ranges  0x0000000000000160       0x18 Core/Src/system_stm32f4xx.o
 .debug_ranges  0x0000000000000178       0x20 Core/Startup/startup_stm32f407vgtx.o
 .debug_ranges  0x0000000000000198       0xe0 Drivers/STM32F4xx_HAL_Driver/Src/stm32f4xx_hal.o
 .debug_ranges  0x0000000000000278      0x108 Drivers/STM32F4xx_HAL_Driver/Src/stm32f4xx_hal_cortex.o
 .debug_ranges  0x0000000000000380       0x80 Drivers/STM32F4xx_HAL_Driver/Src/stm32f4xx_hal_dma.o
 .debug_ranges  0x0000000000000400       0x90 Drivers/STM32F4xx_HAL_Driver/Src/stm32f4xx_hal_flash.o
 .debug_ranges  0x0000000000000490       0x88 Drivers/STM32F4xx_HAL_Driver/Src/stm32f4xx_hal_flash_ex.o
 .debug_ranges  0x0000000000000518       0x48 Drivers/STM32F4xx_HAL_Driver/Src/stm32f4xx_hal_gpio.o
 .debug_ranges  0x0000000000000560       0x78 Drivers/STM32F4xx_HAL_Driver/Src/stm32f4xx_hal_rcc.o
 .debug_ranges  0x00000000000005d8      0x398 Drivers/STM32F4xx_HAL_Driver/Src/stm32f4xx_hal_tim.o
 .debug_ranges  0x0000000000000970      0x140 Drivers/STM32F4xx_HAL_Driver/Src/stm32f4xx_hal_tim_ex.o
 .debug_ranges  0x0000000000000ab0      0x1c0 Drivers/STM32F4xx_HAL_Driver/Src/stm32f4xx_hal_uart.o

.debug_macro    0x0000000000000000    0x2192f
 .debug_macro   0x0000000000000000      0x37e Core/Src/ESP8266.o
 .debug_macro   0x000000000000037e      0xa5a Core/Src/ESP8266.o
 .debug_macro   0x0000000000000dd8       0x22 Core/Src/ESP8266.o
 .debug_macro   0x0000000000000dfa       0x8e Core/Src/ESP8266.o
 .debug_macro   0x0000000000000e88       0x51 Core/Src/ESP8266.o
 .debug_macro   0x0000000000000ed9       0xef Core/Src/ESP8266.o
 .debug_macro   0x0000000000000fc8       0x6a Core/Src/ESP8266.o
 .debug_macro   0x0000000000001032      0x1df Core/Src/ESP8266.o
 .debug_macro   0x0000000000001211      0x18a Core/Src/ESP8266.o
 .debug_macro   0x000000000000139b       0x2e Core/Src/ESP8266.o
 .debug_macro   0x00000000000013c9       0x2f Core/Src/ESP8266.o
 .debug_macro   0x00000000000013f8       0x1c Core/Src/ESP8266.o
 .debug_macro   0x0000000000001414       0x22 Core/Src/ESP8266.o
 .debug_macro   0x0000000000001436       0xdf Core/Src/ESP8266.o
 .debug_macro   0x0000000000001515     0x102d Core/Src/ESP8266.o
 .debug_macro   0x0000000000002542      0x11f Core/Src/ESP8266.o
 .debug_macro   0x0000000000002661    0x15e3c Core/Src/ESP8266.o
 .debug_macro   0x000000000001849d       0x43 Core/Src/ESP8266.o
 .debug_macro   0x00000000000184e0     0x3659 Core/Src/ESP8266.o
 .debug_macro   0x000000000001bb39      0x174 Core/Src/ESP8266.o
 .debug_macro   0x000000000001bcad       0x5a Core/Src/ESP8266.o
 .debug_macro   0x000000000001bd07      0x96b Core/Src/ESP8266.o
 .debug_macro   0x000000000001c672      0x9fe Core/Src/ESP8266.o
 .debug_macro   0x000000000001d070      0x174 Core/Src/ESP8266.o
 .debug_macro   0x000000000001d1e4      0x117 Core/Src/ESP8266.o
 .debug_macro   0x000000000001d2fb      0x13e Core/Src/ESP8266.o
 .debug_macro   0x000000000001d439       0x27 Core/Src/ESP8266.o
 .debug_macro   0x000000000001d460      0x287 Core/Src/ESP8266.o
 .debug_macro   0x000000000001d6e7       0x5f Core/Src/ESP8266.o
 .debug_macro   0x000000000001d746      0x236 Core/Src/ESP8266.o
 .debug_macro   0x000000000001d97c      0x12c Core/Src/ESP8266.o
 .debug_macro   0x000000000001daa8      0x21e Core/Src/ESP8266.o
 .debug_macro   0x000000000001dcc6       0x2e Core/Src/ESP8266.o
 .debug_macro   0x000000000001dcf4      0x11a Core/Src/ESP8266.o
 .debug_macro   0x000000000001de0e       0x7e Core/Src/ESP8266.o
 .debug_macro   0x000000000001de8c       0x89 Core/Src/ESP8266.o
 .debug_macro   0x000000000001df15      0x8a0 Core/Src/ESP8266.o
 .debug_macro   0x000000000001e7b5       0x47 Core/Src/ESP8266.o
 .debug_macro   0x000000000001e7fc      0x287 Core/Src/ESP8266.o
 .debug_macro   0x000000000001ea83      0x12d Core/Src/ESP8266.o
 .debug_macro   0x000000000001ebb0       0x46 Core/Src/ESP8266.o
 .debug_macro   0x000000000001ebf6       0x18 Core/Src/ESP8266.o
 .debug_macro   0x000000000001ec0e       0x3c Core/Src/ESP8266.o
 .debug_macro   0x000000000001ec4a       0x34 Core/Src/ESP8266.o
 .debug_macro   0x000000000001ec7e       0x52 Core/Src/ESP8266.o
 .debug_macro   0x000000000001ecd0       0x1f Core/Src/ESP8266.o
 .debug_macro   0x000000000001ecef       0x43 Core/Src/ESP8266.o
 .debug_macro   0x000000000001ed32       0x20 Core/Src/ESP8266.o
 .debug_macro   0x000000000001ed52      0x1a3 Core/Src/ESP8266.o
 .debug_macro   0x000000000001eef5      0x32a Core/Src/ESP8266.o
 .debug_macro   0x000000000001f21f       0x10 Core/Src/ESP8266.o
 .debug_macro   0x000000000001f22f       0x35 Core/Src/ESP8266.o
 .debug_macro   0x000000000001f264       0x20 Core/Src/ESP8266.o
 .debug_macro   0x000000000001f284       0x1c Core/Src/ESP8266.o
 .debug_macro   0x000000000001f2a0       0x10 Core/Src/ESP8266.o
 .debug_macro   0x000000000001f2b0       0x10 Core/Src/ESP8266.o
 .debug_macro   0x000000000001f2c0       0x1c Core/Src/ESP8266.o
 .debug_macro   0x000000000001f2dc       0x52 Core/Src/ESP8266.o
 .debug_macro   0x000000000001f32e       0x40 Core/Src/ESP8266.o
 .debug_macro   0x000000000001f36e       0x10 Core/Src/ESP8266.o
 .debug_macro   0x000000000001f37e       0x40 Core/Src/ESP8266.o
 .debug_macro   0x000000000001f3be       0xd7 Core/Src/ESP8266.o
 .debug_macro   0x000000000001f495       0x1c Core/Src/ESP8266.o
 .debug_macro   0x000000000001f4b1       0x3d Core/Src/ESP8266.o
 .debug_macro   0x000000000001f4ee       0x16 Core/Src/ESP8266.o
 .debug_macro   0x000000000001f504      0x145 Core/Src/ESP8266.o
 .debug_macro   0x000000000001f649       0x16 Core/Src/ESP8266.o
 .debug_macro   0x000000000001f65f       0x16 Core/Src/ESP8266.o
 .debug_macro   0x000000000001f675      0x384 Core/Src/FOTA.o
 .debug_macro   0x000000000001f9f9       0x10 Core/Src/FOTA.o
 .debug_macro   0x000000000001fa09      0x37a Core/Src/main.o
 .debug_macro   0x000000000001fd83      0x37a Core/Src/stm32f4xx_hal_msp.o
 .debug_macro   0x00000000000200fd      0x384 Core/Src/stm32f4xx_it.o
 .debug_macro   0x0000000000020481      0x1d4 Core/Src/system_stm32f4xx.o
 .debug_macro   0x0000000000020655      0x22e Drivers/STM32F4xx_HAL_Driver/Src/stm32f4xx_hal.o
 .debug_macro   0x0000000000020883      0x1ce Drivers/STM32F4xx_HAL_Driver/Src/stm32f4xx_hal_cortex.o
 .debug_macro   0x0000000000020a51      0x1d4 Drivers/STM32F4xx_HAL_Driver/Src/stm32f4xx_hal_dma.o
 .debug_macro   0x0000000000020c25      0x1d4 Drivers/STM32F4xx_HAL_Driver/Src/stm32f4xx_hal_flash.o
 .debug_macro   0x0000000000020df9      0x1d4 Drivers/STM32F4xx_HAL_Driver/Src/stm32f4xx_hal_flash_ex.o
 .debug_macro   0x0000000000020fcd      0x204 Drivers/STM32F4xx_HAL_Driver/Src/stm32f4xx_hal_gpio.o
 .debug_macro   0x00000000000211d1      0x1f2 Drivers/STM32F4xx_HAL_Driver/Src/stm32f4xx_hal_rcc.o
 .debug_macro   0x00000000000213c3      0x1cf Drivers/STM32F4xx_HAL_Driver/Src/stm32f4xx_hal_tim.o
 .debug_macro   0x0000000000021592      0x1ce Drivers/STM32F4xx_HAL_Driver/Src/stm32f4xx_hal_tim_ex.o
 .debug_macro   0x0000000000021760      0x1cf Drivers/STM32F4xx_HAL_Driver/Src/stm32f4xx_hal_uart.o

.debug_line     0x0000000000000000     0xae69
 .debug_line    0x0000000000000000      0xb13 Core/Src/ESP8266.o
 .debug_line    0x0000000000000b13      0xa43 Core/Src/FOTA.o
 .debug_line    0x0000000000001556      0x997 Core/Src/main.o
 .debug_line    0x0000000000001eed      0x93a Core/Src/stm32f4xx_hal_msp.o
 .debug_line    0x0000000000002827      0x9a7 Core/Src/stm32f4xx_it.o
 .debug_line    0x00000000000031ce      0x6dc Core/Src/system_stm32f4xx.o
 .debug_line    0x00000000000038aa       0x85 Core/Startup/startup_stm32f407vgtx.o
 .debug_line    0x000000000000392f      0x8c6 Drivers/STM32F4xx_HAL_Driver/Src/stm32f4xx_hal.o
 .debug_line    0x00000000000041f5      0x9ea Drivers/STM32F4xx_HAL_Driver/Src/stm32f4xx_hal_cortex.o
 .debug_line    0x0000000000004bdf      0x994 Drivers/STM32F4xx_HAL_Driver/Src/stm32f4xx_hal_dma.o
 .debug_line    0x0000000000005573      0x8ac Drivers/STM32F4xx_HAL_Driver/Src/stm32f4xx_hal_flash.o
 .debug_line    0x0000000000005e1f      0x898 Drivers/STM32F4xx_HAL_Driver/Src/stm32f4xx_hal_flash_ex.o
 .debug_line    0x00000000000066b7      0x8a5 Drivers/STM32F4xx_HAL_Driver/Src/stm32f4xx_hal_gpio.o
 .debug_line    0x0000000000006f5c      0x91e Drivers/STM32F4xx_HAL_Driver/Src/stm32f4xx_hal_rcc.o
 .debug_line    0x000000000000787a     0x193f Drivers/STM32F4xx_HAL_Driver/Src/stm32f4xx_hal_tim.o
 .debug_line    0x00000000000091b9      0xcdc Drivers/STM32F4xx_HAL_Driver/Src/stm32f4xx_hal_tim_ex.o
 .debug_line    0x0000000000009e95      0xfd4 Drivers/STM32F4xx_HAL_Driver/Src/stm32f4xx_hal_uart.o

.debug_str      0x0000000000000000    0xc9f0f
 .debug_str     0x0000000000000000    0xc66ef Core/Src/ESP8266.o
                                      0xc6ad0 (size before relaxing)
 .debug_str     0x00000000000c66ef      0x170 Core/Src/FOTA.o
                                      0xc694e (size before relaxing)
 .debug_str     0x00000000000c685f      0x3d5 Core/Src/main.o
                                      0xc6b6a (size before relaxing)
 .debug_str     0x00000000000c6c34      0x557 Core/Src/stm32f4xx_hal_msp.o
                                      0xc6d91 (size before relaxing)
 .debug_str     0x00000000000c718b       0xdf Core/Src/stm32f4xx_it.o
                                      0xc678b (size before relaxing)
 .debug_str     0x00000000000c726a       0x70 Core/Src/system_stm32f4xx.o
                                      0xc1f14 (size before relaxing)
 .debug_str     0x00000000000c72da       0x36 Core/Startup/startup_stm32f407vgtx.o
                                         0x7c (size before relaxing)
 .debug_str     0x00000000000c7310      0x575 Drivers/STM32F4xx_HAL_Driver/Src/stm32f4xx_hal.o
                                      0xc29e1 (size before relaxing)
 .debug_str     0x00000000000c7885      0x399 Drivers/STM32F4xx_HAL_Driver/Src/stm32f4xx_hal_cortex.o
                                      0xc27d0 (size before relaxing)
 .debug_str     0x00000000000c7c1e      0x31d Drivers/STM32F4xx_HAL_Driver/Src/stm32f4xx_hal_dma.o
                                      0xc2329 (size before relaxing)
 .debug_str     0x00000000000c7f3b      0x29e Drivers/STM32F4xx_HAL_Driver/Src/stm32f4xx_hal_flash.o
                                      0xc20ea (size before relaxing)
 .debug_str     0x00000000000c81d9      0x252 Drivers/STM32F4xx_HAL_Driver/Src/stm32f4xx_hal_flash_ex.o
                                      0xc2150 (size before relaxing)
 .debug_str     0x00000000000c842b      0x20c Drivers/STM32F4xx_HAL_Driver/Src/stm32f4xx_hal_gpio.o
                                      0xc2153 (size before relaxing)
 .debug_str     0x00000000000c8637      0x24e Drivers/STM32F4xx_HAL_Driver/Src/stm32f4xx_hal_rcc.o
                                      0xc2301 (size before relaxing)
 .debug_str     0x00000000000c8885      0xcea Drivers/STM32F4xx_HAL_Driver/Src/stm32f4xx_hal_tim.o
                                      0xc3020 (size before relaxing)
 .debug_str     0x00000000000c956f      0x4a2 Drivers/STM32F4xx_HAL_Driver/Src/stm32f4xx_hal_tim_ex.o
                                      0xc2820 (size before relaxing)
 .debug_str     0x00000000000c9a11      0x4fe Drivers/STM32F4xx_HAL_Driver/Src/stm32f4xx_hal_uart.o
                                      0xc2760 (size before relaxing)

.comment        0x0000000000000000       0x7b
 .comment       0x0000000000000000       0x7b Core/Src/ESP8266.o
                                         0x7c (size before relaxing)
 .comment       0x000000000000007b       0x7c Core/Src/FOTA.o
 .comment       0x000000000000007b       0x7c Core/Src/main.o
 .comment       0x000000000000007b       0x7c Core/Src/stm32f4xx_hal_msp.o
 .comment       0x000000000000007b       0x7c Core/Src/stm32f4xx_it.o
 .comment       0x000000000000007b       0x7c Core/Src/system_stm32f4xx.o
 .comment       0x000000000000007b       0x7c Drivers/STM32F4xx_HAL_Driver/Src/stm32f4xx_hal.o
 .comment       0x000000000000007b       0x7c Drivers/STM32F4xx_HAL_Driver/Src/stm32f4xx_hal_cortex.o
 .comment       0x000000000000007b       0x7c Drivers/STM32F4xx_HAL_Driver/Src/stm32f4xx_hal_dma.o
 .comment       0x000000000000007b       0x7c Drivers/STM32F4xx_HAL_Driver/Src/stm32f4xx_hal_flash.o
 .comment       0x000000000000007b       0x7c Drivers/STM32F4xx_HAL_Driver/Src/stm32f4xx_hal_flash_ex.o
 .comment       0x000000000000007b       0x7c Drivers/STM32F4xx_HAL_Driver/Src/stm32f4xx_hal_gpio.o
 .comment       0x000000000000007b       0x7c Drivers/STM32F4xx_HAL_Driver/Src/stm32f4xx_hal_rcc.o
 .comment       0x000000000000007b       0x7c Drivers/STM32F4xx_HAL_Driver/Src/stm32f4xx_hal_tim.o
 .comment       0x000000000000007b       0x7c Drivers/STM32F4xx_HAL_Driver/Src/stm32f4xx_hal_tim_ex.o
 .comment       0x000000000000007b       0x7c Drivers/STM32F4xx_HAL_Driver/Src/stm32f4xx_hal_uart.o

.debug_frame    0x0000000000000000     0x37d8
 .debug_frame   0x0000000000000000      0x198 Core/Src/ESP8266.o
 .debug_frame   0x0000000000000198       0xc4 Core/Src/FOTA.o
 .debug_frame   0x000000000000025c      0x11c Core/Src/main.o
 .debug_frame   0x0000000000000378       0xc8 Core/Src/stm32f4xx_hal_msp.o
 .debug_frame   0x0000000000000440      0x144 Core/Src/stm32f4xx_it.o
 .debug_frame   0x0000000000000584       0x58 Core/Src/system_stm32f4xx.o
 .debug_frame   0x00000000000005dc      0x374 Drivers/STM32F4xx_HAL_Driver/Src/stm32f4xx_hal.o
 .debug_frame   0x0000000000000950      0x498 Drivers/STM32F4xx_HAL_Driver/Src/stm32f4xx_hal_cortex.o
 .debug_frame   0x0000000000000de8      0x250 Drivers/STM32F4xx_HAL_Driver/Src/stm32f4xx_hal_dma.o
 .debug_frame   0x0000000000001038      0x274 Drivers/STM32F4xx_HAL_Driver/Src/stm32f4xx_hal_flash.o
 .debug_frame   0x00000000000012ac      0x250 Drivers/STM32F4xx_HAL_Driver/Src/stm32f4xx_hal_flash_ex.o
 .debug_frame   0x00000000000014fc      0x14c Drivers/STM32F4xx_HAL_Driver/Src/stm32f4xx_hal_gpio.o
 .debug_frame   0x0000000000001648      0x1f0 Drivers/STM32F4xx_HAL_Driver/Src/stm32f4xx_hal_rcc.o
 .debug_frame   0x0000000000001838     0x10f0 Drivers/STM32F4xx_HAL_Driver/Src/stm32f4xx_hal_tim.o
 .debug_frame   0x0000000000002928      0x5c0 Drivers/STM32F4xx_HAL_Driver/Src/stm32f4xx_hal_tim_ex.o
 .debug_frame   0x0000000000002ee8      0x844 Drivers/STM32F4xx_HAL_Driver/Src/stm32f4xx_hal_uart.o
 .debug_frame   0x000000000000372c       0x2c c:/st/stm32cubeide_1.3.0/stm32cubeide/plugins/com.st.stm32cube.ide.mcu.externaltools.gnu-tools-for-stm32.7-2018-q2-update.win32_1.0.0.201904181610/tools/bin/../lib/gcc/arm-none-eabi/7.3.1/../../../../arm-none-eabi/lib/thumb/v7e-m/fpv4-sp/hard\libc_nano.a(lib_a-init.o)
 .debug_frame   0x0000000000003758       0x20 c:/st/stm32cubeide_1.3.0/stm32cubeide/plugins/com.st.stm32cube.ide.mcu.externaltools.gnu-tools-for-stm32.7-2018-q2-update.win32_1.0.0.201904181610/tools/bin/../lib/gcc/arm-none-eabi/7.3.1/../../../../arm-none-eabi/lib/thumb/v7e-m/fpv4-sp/hard\libc_nano.a(lib_a-memset.o)
 .debug_frame   0x0000000000003778       0x2c c:/st/stm32cubeide_1.3.0/stm32cubeide/plugins/com.st.stm32cube.ide.mcu.externaltools.gnu-tools-for-stm32.7-2018-q2-update.win32_1.0.0.201904181610/tools/bin/../lib/gcc/arm-none-eabi/7.3.1/thumb/v7e-m/fpv4-sp/hard\libgcc.a(_aeabi_uldivmod.o)
 .debug_frame   0x00000000000037a4       0x34 c:/st/stm32cubeide_1.3.0/stm32cubeide/plugins/com.st.stm32cube.ide.mcu.externaltools.gnu-tools-for-stm32.7-2018-q2-update.win32_1.0.0.201904181610/tools/bin/../lib/gcc/arm-none-eabi/7.3.1/thumb/v7e-m/fpv4-sp/hard\libgcc.a(_udivmoddi4.o)
